
> va-beta@0.1.0 build
> next build

Γû▓ Next.js 16.1.6 (Turbopack)
- Environments: .env.local

  Creating an optimized production build ...
Γ£ô Compiled successfully in 3.2min
  Running TypeScript ...
  Collecting page data using 1 worker ...
[dotenv@17.3.1] injecting env (0) from .env.local -- tip: ΓÜÖ∩╕Å  write to custom object with { processEnv: myObject }
[dotenv@17.3.1] injecting env (0) from .env.local -- tip: ≡ƒñû agentic secret storage: https://dotenvx.com/as2
[dotenv@17.3.1] injecting env (0) from .env.local -- tip: ≡ƒ¢á∩╕Å  run anywhere with `dotenvx run -- yourcommand`
[dotenv@17.3.1] injecting env (0) from .env.local -- tip: ≡ƒ¢í∩╕Å auth for agents: https://vestauth.com
[dotenv@17.3.1] injecting env (0) from .env.local -- tip: ΓÜÖ∩╕Å  suppress all logs with { quiet: true }
[dotenv@17.3.1] injecting env (0) from .env.local -- tip: ≡ƒöÉ prevent committing .env to code: https://dotenvx.com/precommit
[dotenv@17.3.1] injecting env (0) from .env.local -- tip: ≡ƒöÉ encrypt with Dotenvx: https://dotenvx.com
[dotenv@17.3.1] injecting env (0) from .env.local -- tip: ΓÜÖ∩╕Å  enable debug logging with { debug: true }
[dotenv@17.3.1] injecting env (0) from .env.local -- tip: ≡ƒöÉ encrypt with Dotenvx: https://dotenvx.com
[dotenv@17.3.1] injecting env (0) from .env.local -- tip: ≡ƒöÉ prevent building .env in docker: https://dotenvx.com/prebuild
[dotenv@17.3.1] injecting env (0) from .env.local -- tip: ΓÜÖ∩╕Å  enable debug logging with { debug: true }
[dotenv@17.3.1] injecting env (0) from .env.local -- tip: ΓÜÖ∩╕Å  specify custom .env file path with { path: '/custom/path/.env' }
[dotenv@17.3.1] injecting env (0) from .env.local -- tip: ΓÜÖ∩╕Å  override existing env vars with { override: true }
[dotenv@17.3.1] injecting env (0) from .env.local -- tip: ΓÜÖ∩╕Å  override existing env vars with { override: true }
[dotenv@17.3.1] injecting env (0) from .env.local -- tip: ≡ƒöÉ prevent committing .env to code: https://dotenvx.com/precommit
[dotenv@17.3.1] injecting env (0) from .env.local -- tip: ΓÜÖ∩╕Å  load multiple .env files with { path: ['.env.local', '.env'] }
  Generating static pages using 1 worker (0/103) ...
  Generating static pages using 1 worker (25/103) 
  Generating static pages using 1 worker (51/103) 
  Generating static pages using 1 worker (77/103) 
Γ£ô Generating static pages using 1 worker (103/103) in 26.6s
  Finalizing page optimization ...

Route (app)
Γöî Γùï /
Γö£ Γùï /_not-found
Γö£ Γùï /admin/access
Γö£ Γùï /analytics
Γö£ ╞Æ /api/active-jobs
Γö£ ╞Æ /api/admin/access-requests
Γö£ ╞Æ /api/admin/approve-user
Γö£ ╞Æ /api/admin/reject-user
Γö£ ╞Æ /api/agent/autonomous
Γö£ ╞Æ /api/agent/linkedin/run
Γö£ ╞Æ /api/agent/negotiation/run
Γö£ ╞Æ /api/agent/scraper/run
Γö£ ╞Æ /api/agent/start
Γö£ ╞Æ /api/ai
Γö£ ╞Æ /api/analytics
Γö£ ╞Æ /api/analytics/kpi
Γö£ ╞Æ /api/analytics/predict
Γö£ ╞Æ /api/applications
Γö£ ╞Æ /api/auth/login
Γö£ ╞Æ /api/auth/logout
Γö£ ╞Æ /api/auth/me
Γö£ ╞Æ /api/auth/signup
Γö£ ╞Æ /api/career/roadmap
Γö£ ╞Æ /api/client/dashboard
Γö£ ╞Æ /api/client/invoices
Γö£ ╞Æ /api/client/notifications
Γö£ ╞Æ /api/client/payments/checkout
Γö£ ╞Æ /api/client/tasks
Γö£ ╞Æ /api/clients/dashboard
Γö£ ╞Æ /api/clients/score
Γö£ ╞Æ /api/crm/convert
Γö£ ╞Æ /api/dashboard
Γö£ ╞Æ /api/deals/summary
Γö£ ╞Æ /api/earnings
Γö£ ╞Æ /api/earnings/global
Γö£ ╞Æ /api/engineering/panel
Γö£ ╞Æ /api/engineering/tasks
Γö£ ╞Æ /api/enterprise/companies
Γö£ ╞Æ /api/enterprise/dashboard
Γö£ ╞Æ /api/enterprise/team
Γö£ ╞Æ /api/forecast
Γö£ ╞Æ /api/goals
Γö£ ╞Æ /api/goals/ambition
Γö£ ╞Æ /api/growth
Γö£ ╞Æ /api/growth/content
Γö£ ╞Æ /api/growth/referral
Γö£ ╞Æ /api/growth/reinforcement
Γö£ ╞Æ /api/ingestion/status
Γö£ ╞Æ /api/intake
Γö£ ╞Æ /api/intake/reply
Γö£ ╞Æ /api/jobs
Γö£ ╞Æ /api/jobs/auto-apply
Γö£ ╞Æ /api/jobs/optimize
Γö£ ╞Æ /api/leads
Γö£ ╞Æ /api/market/trends
Γö£ ╞Æ /api/memory/store
Γö£ ╞Æ /api/onboarding/interview
Γö£ ╞Æ /api/onboarding/request
Γö£ ╞Æ /api/orchestrator/run
Γö£ ╞Æ /api/outreach/accounts
Γö£ ╞Æ /api/outreach/bulk-send
Γö£ ╞Æ /api/outreach/enterprise
Γö£ ╞Æ /api/outreach/templates
Γö£ ╞Æ /api/payments/create
Γö£ ╞Æ /api/payments/create-subscription
Γö£ ╞Æ /api/payments/diagnostics
Γö£ ╞Æ /api/payments/followups
Γö£ ╞Æ /api/payments/paypal/create
Γö£ ╞Æ /api/payments/paystack
Γö£ ╞Æ /api/payments/paystack/webhook
Γö£ ╞Æ /api/payments/webhook
Γö£ ╞Æ /api/platforms/complete
Γö£ ╞Æ /api/platforms/status
Γö£ ╞Æ /api/progress/score
Γö£ ╞Æ /api/reports/generate
Γö£ ╞Æ /api/reputation
Γö£ ╞Æ /api/retainer/detect
Γö£ ╞Æ /api/skills/update
Γö£ ╞Æ /api/system/health
Γö£ ╞Æ /api/trust
Γö£ ╞Æ /api/usage
Γö£ ╞Æ /api/user/mode
Γö£ ╞Æ /api/voice
Γö£ ╞Æ /api/voice/command
Γö£ ╞Æ /api/workers/status
Γö£ Γùï /client-portal
Γö£ Γùï /clients
Γö£ Γùï /control
Γö£ Γùï /dashboard
Γö£ Γùï /dashboard/active-jobs
Γö£ Γùï /dashboard/applications
Γö£ Γùï /dashboard/clients
Γö£ Γùï /dashboard/earnings
Γö£ Γùï /dashboard/engineering
Γö£ Γùï /dashboard/jobs
Γö£ Γùï /growth
Γö£ Γùï /login
Γö£ Γùï /onboarding
Γö£ Γùï /outreach/dashboard
Γö£ Γùï /results
Γö£ Γùï /signup
Γö£ Γùï /work-page
Γöö ╞Æ /workflow/[id]


Γùï  (Static)   prerendered as static content
╞Æ  (Dynamic)  server-rendered on demand

